argv: ["python", "studies/checkpoint_04/scripts/validate_gate_invariant_formula.py", "--out", "audits/full-sanity-01/reproduced_records/gate_invariants.json", "--samples", "100", "--seed", "123"]
UTC start: 2026-09-08T13:42:13.889106+00:00
{
  "samples": 100,
  "seed": 123,
  "maximum_coefficient_error": 1.1657341758564144e-15,
  "mean_coefficient_error": 4.139635682853804e-16,
  "examples": [
    {
      "entangling_power": 0.597343351829665,
      "gate_typicality": 0.5989532933072675,
      "direct_coefficients": [
        0.3982289012197775,
        -0.096739419831989,
        0.10116716678254614,
        0.3982289012197774
      ],
      "invariant_formula_coefficients": [
        0.39822890121977667,
        -0.09673941983198836,
        0.10116716678254672,
        0.39822890121977667
      ],
      "max_abs_error": 8.326672684688674e-16
    },
    {
      "entangling_power": 0.559078841316697,
      "gate_typicality": 0.48333281054126176,
      "direct_coefficients": [
        0.37271922754446446,
        0.050768155028157604,
        0.0174337761106812,
        0.37271922754446446
      ],
      "invariant_formula_coefficients": [
        0.3727192275444647,
        0.05076815502815735,
        0.017433776110680865,
        0.3727192275444647
      ],
      "max_abs_error": 3.3306690738754696e-16
    },
    {
      "entangling_power": 0.6659525608611953,
      "gate_typicality": 0.6244507708377668,
      "direct_coefficients": [
        0.44396837390746313,
        -0.17941123822209595,
        0.06949030345343768,
        0.44396837390746313
      ],
      "invariant_formula_coefficients": [
        0.4439683739074635,
        -0.17941123822209615,
        0.06949030345343743,
        0.4439683739074635
      ],
      "max_abs_error": 3.885780586188048e-16
    }
  ],
  "passes": true
}
