{
  "designs": [
    {
      "run": "primary_scaling",
      "base_seed": 2026082301
    },
    {
      "run": "independent_replication",
      "base_seed": 2026082401
    },
    {
      "run": "measurement_location_intervention",
      "base_seed": 2026082501
    }
  ],
  "seed_count": 84600,
  "seed_collisions": [],
  "cases": [
    {
      "run": "primary_scaling",
      "protocol": "random_pauli",
      "n": 32,
      "p": 0.2,
      "trajectory": 0,
      "seed": 15638998099396784518,
      "probe_records": 3,
      "scalar_comparisons": 143,
      "intervention_rows": 0,
      "max_central_error": 5.984795992119984e-17,
      "passed": true
    },
    {
      "run": "primary_scaling",
      "protocol": "random_pauli",
      "n": 32,
      "p": 0.34,
      "trajectory": 799,
      "seed": 16850939705451084176,
      "probe_records": 3,
      "scalar_comparisons": 143,
      "intervention_rows": 0,
      "max_central_error": 5.551115123125783e-17,
      "passed": true
    },
    {
      "run": "primary_scaling",
      "protocol": "random_pauli",
      "n": 64,
      "p": 0.2,
      "trajectory": 0,
      "seed": 3092858458134063146,
      "probe_records": 3,
      "scalar_comparisons": 143,
      "intervention_rows": 0,
      "max_central_error": 9.93129189996722e-17,
      "passed": true
    },
    {
      "run": "primary_scaling",
      "protocol": "random_pauli",
      "n": 64,
      "p": 0.34,
      "trajectory": 799,
      "seed": 7053593827749351019,
      "probe_records": 3,
      "scalar_comparisons": 143,
      "intervention_rows": 0,
      "max_central_error": 9.020562075079397e-17,
      "passed": true
    },
    {
      "run": "primary_scaling",
      "protocol": "random_pauli",
      "n": 128,
      "p": 0.2,
      "trajectory": 0,
      "seed": 16211062659831634174,
      "probe_records": 3,
      "scalar_comparisons": 143,
      "intervention_rows": 0,
      "max_central_error": 9.996344030316351e-17,
      "passed": true
    },
    {
      "run": "primary_scaling",
      "protocol": "random_pauli",
      "n": 128,
      "p": 0.34,
      "trajectory": 799,
      "seed": 3829735779161290360,
      "probe_records": 3,
      "scalar_comparisons": 143,
      "intervention_rows": 0,
      "max_central_error": 8.326672684688674e-17,
      "passed": true
    },
    {
      "run": "primary_scaling",
      "protocol": "random_pauli",
      "n": 256,
      "p": 0.2,
      "trajectory": 0,
      "seed": 4061686032739925607,
      "probe_records": 3,
      "scalar_comparisons": 143,
      "intervention_rows": 0,
      "max_central_error": 5.551115123125783e-17,
      "passed": true
    },
    {
      "run": "primary_scaling",
      "protocol": "random_pauli",
      "n": 256,
      "p": 0.34,
      "trajectory": 799,
      "seed": 5050366275465365868,
      "probe_records": 3,
      "scalar_comparisons": 143,
      "intervention_rows": 0,
      "max_central_error": 9.367506770274758e-17,
      "passed": true
    },
    {
      "run": "primary_scaling",
      "protocol": "z_projective",
      "n": 32,
      "p": 0.2,
      "trajectory": 0,
      "seed": 8419852823243558973,
      "probe_records": 3,
      "scalar_comparisons": 143,
      "intervention_rows": 0,
      "max_central_error": 2.7755575615628914e-17,
      "passed": true
    },
    {
      "run": "primary_scaling",
      "protocol": "z_projective",
      "n": 32,
      "p": 0.34,
      "trajectory": 799,
      "seed": 13275089391541390102,
      "probe_records": 3,
      "scalar_comparisons": 143,
      "intervention_rows": 0,
      "max_central_error": 5.551115123125783e-17,
      "passed": true
    },
    {
      "run": "primary_scaling",
      "protocol": "z_projective",
      "n": 64,
      "p": 0.2,
      "trajectory": 0,
      "seed": 11071784345695948636,
      "probe_records": 3,
      "scalar_comparisons": 143,
      "intervention_rows": 0,
      "max_central_error": 9.93129189996722e-17,
      "passed": true
    },
    {
      "run": "primary_scaling",
      "protocol": "z_projective",
      "n": 64,
      "p": 0.34,
      "trajectory": 799,
      "seed": 748033438065698329,
      "probe_records": 3,
      "scalar_comparisons": 143,
      "intervention_rows": 0,
      "max_central_error": 7.632783294297951e-17,
      "passed": true
    },
    {
      "run": "primary_scaling",
      "protocol": "z_projective",
      "n": 128,
      "p": 0.2,
      "trajectory": 0,
      "seed": 2971257524790721970,
      "probe_records": 3,
      "scalar_comparisons": 143,
      "intervention_rows": 0,
      "max_central_error": 9.974659986866641e-17,
      "passed": true
    },
    {
      "run": "primary_scaling",
      "protocol": "z_projective",
      "n": 128,
      "p": 0.34,
      "trajectory": 799,
      "seed": 10426358512788836466,
      "probe_records": 3,
      "scalar_comparisons": 143,
      "intervention_rows": 0,
      "max_central_error": 8.326672684688674e-17,
      "passed": true
    },
    {
      "run": "primary_scaling",
      "protocol": "z_projective",
      "n": 256,
      "p": 0.2,
      "trajectory": 0,
      "seed": 4766168960971242567,
      "probe_records": 3,
      "scalar_comparisons": 143,
      "intervention_rows": 0,
      "max_central_error": 0.0,
      "passed": true
    },
    {
      "run": "primary_scaling",
      "protocol": "z_projective",
      "n": 256,
      "p": 0.34,
      "trajectory": 799,
      "seed": 13820766957982805177,
      "probe_records": 3,
      "scalar_comparisons": 143,
      "intervention_rows": 0,
      "max_central_error": 8.326672684688674e-17,
      "passed": true
    },
    {
      "run": "independent_replication",
      "protocol": "random_pauli",
      "n": 32,
      "p": 0.26,
      "trajectory": 299,
      "seed": 17035229046099413529,
      "probe_records": 3,
      "scalar_comparisons": 143,
      "intervention_rows": 0,
      "max_central_error": 5.551115123125783e-17,
      "passed": true
    },
    {
      "run": "independent_replication",
      "protocol": "random_pauli",
      "n": 64,
      "p": 0.26,
      "trajectory": 299,
      "seed": 11911120567918128708,
      "probe_records": 3,
      "scalar_comparisons": 143,
      "intervention_rows": 0,
      "max_central_error": 8.153200337090993e-17,
      "passed": true
    },
    {
      "run": "independent_replication",
      "protocol": "random_pauli",
      "n": 128,
      "p": 0.26,
      "trajectory": 299,
      "seed": 12277094048110542960,
      "probe_records": 3,
      "scalar_comparisons": 143,
      "intervention_rows": 0,
      "max_central_error": 9.71445146547012e-17,
      "passed": true
    },
    {
      "run": "independent_replication",
      "protocol": "random_pauli",
      "n": 256,
      "p": 0.26,
      "trajectory": 299,
      "seed": 8503077445495042771,
      "probe_records": 3,
      "scalar_comparisons": 143,
      "intervention_rows": 0,
      "max_central_error": 9.93129189996722e-17,
      "passed": true
    },
    {
      "run": "independent_replication",
      "protocol": "z_projective",
      "n": 32,
      "p": 0.26,
      "trajectory": 299,
      "seed": 1444562018170096759,
      "probe_records": 3,
      "scalar_comparisons": 143,
      "intervention_rows": 0,
      "max_central_error": 5.551115123125783e-17,
      "passed": true
    },
    {
      "run": "independent_replication",
      "protocol": "z_projective",
      "n": 64,
      "p": 0.26,
      "trajectory": 299,
      "seed": 5811664838099241575,
      "probe_records": 3,
      "scalar_comparisons": 143,
      "intervention_rows": 0,
      "max_central_error": 9.020562075079397e-17,
      "passed": true
    },
    {
      "run": "independent_replication",
      "protocol": "z_projective",
      "n": 128,
      "p": 0.26,
      "trajectory": 299,
      "seed": 5276717825813811886,
      "probe_records": 3,
      "scalar_comparisons": 143,
      "intervention_rows": 0,
      "max_central_error": 9.93129189996722e-17,
      "passed": true
    },
    {
      "run": "independent_replication",
      "protocol": "z_projective",
      "n": 256,
      "p": 0.26,
      "trajectory": 299,
      "seed": 172615284593030513,
      "probe_records": 3,
      "scalar_comparisons": 143,
      "intervention_rows": 0,
      "max_central_error": 9.367506770274758e-17,
      "passed": true
    },
    {
      "run": "measurement_location_intervention",
      "protocol": "z_projective",
      "n": 64,
      "p": 0.26,
      "trajectory": 599,
      "seed": 16091939460363033103,
      "probe_records": 1,
      "scalar_comparisons": 45,
      "intervention_rows": 12,
      "max_central_error": 0.0,
      "passed": true
    },
    {
      "run": "measurement_location_intervention",
      "protocol": "z_projective",
      "n": 128,
      "p": 0.26,
      "trajectory": 599,
      "seed": 12813543478751298536,
      "probe_records": 1,
      "scalar_comparisons": 45,
      "intervention_rows": 14,
      "max_central_error": 9.71445146547012e-17,
      "passed": true
    },
    {
      "run": "measurement_location_intervention",
      "protocol": "z_projective",
      "n": 256,
      "p": 0.26,
      "trajectory": 599,
      "seed": 15668949356622255626,
      "probe_records": 1,
      "scalar_comparisons": 45,
      "intervention_rows": 16,
      "max_central_error": 9.974659986866641e-17,
      "passed": true
    }
  ],
  "case_count": 27,
  "input_source": "entanglement-data.zip",
  "shared_production_simulator": true,
  "tolerance": 2e-12,
  "elapsed_seconds": 8.609011084001395,
  "passed": true
}
