argv: ["python", "repairs/full-sanity-01/code/check_preservation.py"]
UTC start: 2026-09-08T15:43:06.014038+00:00
{
  "passed": true,
  "immutable_audit_files": 196,
  "unchanged_scientific_files": [
    "analysis_plans/figure1_uncertainty_2026-09-08.json",
    "data/processed/core_figures/figure_01_panel_b.csv",
    "data/processed/core_figures/figure_02_boundary_codes.csv",
    "data/processed/core_figures/figure_03_size_scaling.csv",
    "data/processed/core_figures/figure_04_conditioning_contrast.csv",
    "data/processed/core_figures/figure_04_distance_decay.csv",
    "data/record_bundle_manifest.json",
    "entanglement-data.zip",
    "figures/core/figure_01_panel_b.pdf",
    "figures/core/figure_01_panel_b.png",
    "figures/core/figure_02_redistribution_matrix.pdf",
    "figures/core/figure_02_redistribution_matrix.png",
    "figures/core/figure_02_response_matrix.pdf",
    "figures/core/figure_02_response_matrix.png",
    "figures/core/figure_04_conditioning_contrast.pdf",
    "figures/core/figure_04_conditioning_contrast.png",
    "figures/core/figure_04_distance_decay.pdf",
    "figures/core/figure_04_distance_decay.png",
    "figures/core_svg/figure_01_panel_b.svg",
    "figures/core_svg/figure_02_redistribution_matrix.svg",
    "figures/core_svg/figure_02_response_matrix.svg",
    "figures/core_svg/figure_04_conditioning_contrast.svg",
    "figures/core_svg/figure_04_distance_decay.svg",
    "provenance/FIGURE1_ADOPTION_2026-09-08.json",
    "provenance/FIGURE_PALETTE_2026-09-08.json",
    "scripts/analysis/complete_figure1_uncertainty.py",
    "scripts/analysis/reassess_evidence.py",
    "scripts/analysis/reproduce_core_records.py",
    "scripts/analysis/verify_figure1_uncertainty.py",
    "scripts/figures/README.md",
    "scripts/figures/export_formats.py",
    "scripts/figures/figure_palette.py",
    "scripts/figures/make_figure_01_frozen.py",
    "scripts/figures/make_figure_02.py",
    "scripts/figures/make_figure_04.py"
  ],
  "figure3_change": "label-only successor checked separately"
}
